
> backend@0.0.1 test
> jest

FAIL src/admin/admin.controller.spec.ts
  ● AdminController › should be defined

    Nest can't resolve dependencies of the AdminController (?). Please make sure that the argument AdminService at index [0] is available in the RootTestModule context.

    Potential solutions:
    - Is RootTestModule a valid NestJS module?
    - If AdminService is a provider, is it part of the current RootTestModule?
    - If AdminService is exported from a separate @Module, is that module imported within RootTestModule?
      @Module({
        imports: [ /* the Module containing AdminService */ ]
      })

    For more common dependency resolution issues, see: https://docs.nestjs.com/faq/common-errors

       6 |
       7 |   beforeEach(async () => {
    >  8 |     const module: TestingModule = await Test.createTestingModule({
         |                                   ^
       9 |       controllers: [AdminController],
      10 |     }).compile();
      11 |

      at TestingInjector.lookupComponentInParentModules (../node_modules/@nestjs/core/injector/injector.js:290:19)
      at TestingInjector.resolveComponentWrapper (../node_modules/@nestjs/testing/testing-injector.js:19:45)
      at resolveParam (../node_modules/@nestjs/core/injector/injector.js:140:38)
          at async Promise.all (index 0)
      at TestingInjector.resolveConstructorParams (../node_modules/@nestjs/core/injector/injector.js:169:27)
      at TestingInjector.loadInstance (../node_modules/@nestjs/core/injector/injector.js:75:13)
      at TestingInjector.loadController (../node_modules/@nestjs/core/injector/injector.js:94:9)
      at ../node_modules/@nestjs/core/injector/instance-loader.js:68:13
          at async Promise.all (index 0)
      at TestingInstanceLoader.createInstancesOfControllers (../node_modules/@nestjs/core/injector/instance-loader.js:67:9)
      at ../node_modules/@nestjs/core/injector/instance-loader.js:42:13
          at async Promise.all (index 1)
      at TestingInstanceLoader.createInstances (../node_modules/@nestjs/core/injector/instance-loader.js:39:9)
      at TestingInstanceLoader.createInstancesOfDependencies (../node_modules/@nestjs/core/injector/instance-loader.js:22:13)
      at TestingInstanceLoader.createInstancesOfDependencies (../node_modules/@nestjs/testing/testing-instance-loader.js:9:9)
      at TestingModuleBuilder.createInstancesOfDependencies (../node_modules/@nestjs/testing/testing-module.builder.js:118:9)
      at TestingModuleBuilder.compile (../node_modules/@nestjs/testing/testing-module.builder.js:74:9)
      at Object.<anonymous> (admin/admin.controller.spec.ts:8:35)

FAIL src/admin/auth/auth.controller.spec.ts
  ● AuthController › should be defined

    Nest can't resolve dependencies of the AuthController (?). Please make sure that the argument AuthService at index [0] is available in the RootTestModule context.

    Potential solutions:
    - Is RootTestModule a valid NestJS module?
    - If AuthService is a provider, is it part of the current RootTestModule?
    - If AuthService is exported from a separate @Module, is that module imported within RootTestModule?
      @Module({
        imports: [ /* the Module containing AuthService */ ]
      })

    For more common dependency resolution issues, see: https://docs.nestjs.com/faq/common-errors

       6 |
       7 |   beforeEach(async () => {
    >  8 |     const module: TestingModule = await Test.createTestingModule({
         |                                   ^
       9 |       controllers: [AuthController],
      10 |     }).compile();
      11 |

      at TestingInjector.lookupComponentInParentModules (../node_modules/@nestjs/core/injector/injector.js:290:19)
      at TestingInjector.resolveComponentWrapper (../node_modules/@nestjs/testing/testing-injector.js:19:45)
      at resolveParam (../node_modules/@nestjs/core/injector/injector.js:140:38)
          at async Promise.all (index 0)
      at TestingInjector.resolveConstructorParams (../node_modules/@nestjs/core/injector/injector.js:169:27)
      at TestingInjector.loadInstance (../node_modules/@nestjs/core/injector/injector.js:75:13)
      at TestingInjector.loadController (../node_modules/@nestjs/core/injector/injector.js:94:9)
      at ../node_modules/@nestjs/core/injector/instance-loader.js:68:13
          at async Promise.all (index 0)
      at TestingInstanceLoader.createInstancesOfControllers (../node_modules/@nestjs/core/injector/instance-loader.js:67:9)
      at ../node_modules/@nestjs/core/injector/instance-loader.js:42:13
          at async Promise.all (index 1)
      at TestingInstanceLoader.createInstances (../node_modules/@nestjs/core/injector/instance-loader.js:39:9)
      at TestingInstanceLoader.createInstancesOfDependencies (../node_modules/@nestjs/core/injector/instance-loader.js:22:13)
      at TestingInstanceLoader.createInstancesOfDependencies (../node_modules/@nestjs/testing/testing-instance-loader.js:9:9)
      at TestingModuleBuilder.createInstancesOfDependencies (../node_modules/@nestjs/testing/testing-module.builder.js:118:9)
      at TestingModuleBuilder.compile (../node_modules/@nestjs/testing/testing-module.builder.js:74:9)
      at Object.<anonymous> (admin/auth/auth.controller.spec.ts:8:35)

FAIL src/admin/admin.service.spec.ts
  ● AdminService › should be defined

    Nest can't resolve dependencies of the AdminService (?). Please make sure that the argument PrismaService at index [0] is available in the RootTestModule context.

    Potential solutions:
    - Is RootTestModule a valid NestJS module?
    - If PrismaService is a provider, is it part of the current RootTestModule?
    - If PrismaService is exported from a separate @Module, is that module imported within RootTestModule?
      @Module({
        imports: [ /* the Module containing PrismaService */ ]
      })

    For more common dependency resolution issues, see: https://docs.nestjs.com/faq/common-errors

       6 |
       7 |   beforeEach(async () => {
    >  8 |     const module: TestingModule = await Test.createTestingModule({
         |                                   ^
       9 |       providers: [AdminService],
      10 |     }).compile();
      11 |

      at TestingInjector.lookupComponentInParentModules (../node_modules/@nestjs/core/injector/injector.js:290:19)
      at TestingInjector.resolveComponentWrapper (../node_modules/@nestjs/testing/testing-injector.js:19:45)
      at resolveParam (../node_modules/@nestjs/core/injector/injector.js:140:38)
          at async Promise.all (index 0)
      at TestingInjector.resolveConstructorParams (../node_modules/@nestjs/core/injector/injector.js:169:27)
      at TestingInjector.loadInstance (../node_modules/@nestjs/core/injector/injector.js:75:13)
      at TestingInjector.loadProvider (../node_modules/@nestjs/core/injector/injector.js:103:9)
      at ../node_modules/@nestjs/core/injector/instance-loader.js:56:13
          at async Promise.all (index 3)
      at TestingInstanceLoader.createInstancesOfProviders (../node_modules/@nestjs/core/injector/instance-loader.js:55:9)
      at ../node_modules/@nestjs/core/injector/instance-loader.js:40:13
          at async Promise.all (index 1)
      at TestingInstanceLoader.createInstances (../node_modules/@nestjs/core/injector/instance-loader.js:39:9)
      at TestingInstanceLoader.createInstancesOfDependencies (../node_modules/@nestjs/core/injector/instance-loader.js:22:13)
      at TestingInstanceLoader.createInstancesOfDependencies (../node_modules/@nestjs/testing/testing-instance-loader.js:9:9)
      at TestingModuleBuilder.createInstancesOfDependencies (../node_modules/@nestjs/testing/testing-module.builder.js:118:9)
      at TestingModuleBuilder.compile (../node_modules/@nestjs/testing/testing-module.builder.js:74:9)
      at Object.<anonymous> (admin/admin.service.spec.ts:8:35)

FAIL src/admin/auth/auth.service.spec.ts
  ● AuthService › should be defined

    Nest can't resolve dependencies of the AuthService (?). Please make sure that the argument JwtService at index [0] is available in the RootTestModule context.

    Potential solutions:
    - Is RootTestModule a valid NestJS module?
    - If JwtService is a provider, is it part of the current RootTestModule?
    - If JwtService is exported from a separate @Module, is that module imported within RootTestModule?
      @Module({
        imports: [ /* the Module containing JwtService */ ]
      })

    For more common dependency resolution issues, see: https://docs.nestjs.com/faq/common-errors

       6 |
       7 |   beforeEach(async () => {
    >  8 |     const module: TestingModule = await Test.createTestingModule({
         |                                   ^
       9 |       providers: [AuthService],
      10 |     }).compile();
      11 |

      at TestingInjector.lookupComponentInParentModules (../node_modules/@nestjs/core/injector/injector.js:290:19)
      at TestingInjector.resolveComponentWrapper (../node_modules/@nestjs/testing/testing-injector.js:19:45)
      at resolveParam (../node_modules/@nestjs/core/injector/injector.js:140:38)
          at async Promise.all (index 0)
      at TestingInjector.resolveConstructorParams (../node_modules/@nestjs/core/injector/injector.js:169:27)
      at TestingInjector.loadInstance (../node_modules/@nestjs/core/injector/injector.js:75:13)
      at TestingInjector.loadProvider (../node_modules/@nestjs/core/injector/injector.js:103:9)
      at ../node_modules/@nestjs/core/injector/instance-loader.js:56:13
          at async Promise.all (index 3)
      at TestingInstanceLoader.createInstancesOfProviders (../node_modules/@nestjs/core/injector/instance-loader.js:55:9)
      at ../node_modules/@nestjs/core/injector/instance-loader.js:40:13
          at async Promise.all (index 1)
      at TestingInstanceLoader.createInstances (../node_modules/@nestjs/core/injector/instance-loader.js:39:9)
      at TestingInstanceLoader.createInstancesOfDependencies (../node_modules/@nestjs/core/injector/instance-loader.js:22:13)
      at TestingInstanceLoader.createInstancesOfDependencies (../node_modules/@nestjs/testing/testing-instance-loader.js:9:9)
      at TestingModuleBuilder.createInstancesOfDependencies (../node_modules/@nestjs/testing/testing-module.builder.js:118:9)
      at TestingModuleBuilder.compile (../node_modules/@nestjs/testing/testing-module.builder.js:74:9)
      at Object.<anonymous> (admin/auth/auth.service.spec.ts:8:35)

PASS src/app.controller.spec.ts
PASS src/notifications/notifications.service.spec.ts

Test Suites: 4 failed, 2 passed, 6 total
Tests:       4 failed, 2 passed, 6 total
Snapshots:   0 total
Time:        0.752 s, estimated 1 s
Ran all test suites.
